
> dinestack@1.0.0 backend:build
> cd backend && npm run build


> dinestack-backend@1.0.0 build
> tsc

server.ts(154,23): error TS1345: An expression of type 'void' cannot be tested for truthiness.
